http://example.com/no/anchor
http://example.com/an/anchor
http://example.com/no/anchor/branches
http://example.com/an/anchor/branches
http://example.com/an/anchor/branches-None
http://example.com/
http://example.com/
http://example.com/
