os = <unloaded module 'os'>
os.system = <built-in function system>
os = <module 'os' from '?'>
util = <unloaded module 'util'>
util.system = <function system at 0x?>
util = <module 'sapling.util' from '?'>
util.system = <function system at 0x?>
fred = <unloaded module 're'>
remod = <unloaded module 're'>
re = <unloaded module 'sys'>
fred = <unloaded module 're'>
fred.sub = <function sub at 0x?>
fred = <proxied module 're'>
remod = <module 're' from '?'>
re = <unloaded module 'sys'>
re.stderr = <open file '<whatever>', mode 'w' at 0x?>
re = <proxied module 'sys'>
pvecproxy = <unloaded module 'pvec'>
pvecproxy.__doc__ = 'A "pvec" is ...'
pvecproxy.__name__ = 'sapling.pvec'
pvecproxy.__dict__['__name__'] = 'sapling.pvec'
pvecproxy = <proxied module 'pvec'>
contextlib = <unloaded module 'contextlib'>
contextlib.unknownattr = ImportError: cannot import name unknownattr
__import__('contextlib', ..., ['unknownattr']) = <module 'contextlib' from '?'>
hasattr(contextlibimp, 'unknownattr') = False
node = <module 'sapling.node' from '?'>
