local test passed
addgroupcopy test passed
lowlevelcopy test passed
