---
source: tree.rs
expression: "WireTreeAttributesRequest::arbitrary(&mut g)"
---
{"5":true}
