---
source: metadata.rs
expression: "WireFileMetadata::arbitrary(&mut g)"
---
{"1":[231,250,132,19,212,76,218,174,127,211,79,1,180,239,159,71,129,237,47,133,207,59,183,155,157,133,85,4,46,38,85,25],"3":5052938882619327297,"4":[58,55,101,239,1,100,81,21,29,1,4,212,7,211,178,104,186,230,81,160],"5":[133,254,52,10,95,232,130,59,15,255,112,185,80,58,100,255,255,178,51,90,83,215,163,208,194,73,31,251,99,255,236,0],"6":[239,140,183,249,132,1,208,0,251,0,202,255,205,104,29,192,22,123,51,212,79,97,1,182,11,111,202,218,219,0,230,125],"7":[136]}
