---
source: mod.rs
expression: "WireSaplingRemoteApiServerError::arbitrary(&mut g)"

---
{"1":"Â€"}
