---
source: metadata.rs
expression: "WireTreeAuxData::arbitrary(&mut g)"
---
{"0":[229,136,231,250,132,19,212,76,218,174,127,211,79,1,180,239,159,71,129,237,47,133,207,59,183,155,157,133,85,4,46,38],"1":12405035798359643853}
