---
source: file.rs
expression: "WireFileRequest::arbitrary(&mut g)"

---
{"1":[{"0":{"0":"aiffeu/uatbfkh/jkleav","1":[183,155,157,133,85,4,46,38,85,25,36,58,55,101,239,1,100,81,21,29]}}]}
